C51 COMPILER V8.02   MAIN                                                                  01/27/2024 19:57:02 PAGE 1   


C51 COMPILER V8.02, COMPILATION OF MODULE MAIN
OBJECT MODULE PLACED IN Main.OBJ
COMPILER INVOKED BY: C:\Keil\C51\BIN\C51.EXE Main.c BROWSE DEBUG OBJECTEXTEND

line level    source

   1          #include<reg51.h>
   2          #include<intrins.h>
   3          #define KEY P1
   4          sbit LED=P0^0;
   5          // Max 0x7F
   6          const char PASSWORD[1]={0x12};
   7          
   8          void Delay1000ms()       
   9          {
  10   1              unsigned char i, j, k;
  11   1      
  12   1              _nop_();
  13   1              _nop_();
  14   1              i = 43;
  15   1              j = 6;
  16   1              k = 203;
  17   1              do
  18   1              {
  19   2                      do
  20   2                      {
  21   3                              while (--k);
  22   3                      } while (--j);
  23   2              } while (--i);
  24   1      }
  25          
  26          
  27          void main(){
  28   1      KEY=0xFF;
  29   1       
  30   1                              
  31   1      while(1){
  32   2      if(KEY==PASSWORD[0]){
  33   3       LED=1 ;
  34   3       Delay1000ms();
  35   3      
  36   3      }else{
  37   3        LED=0;
  38   3      }
  39   2      }
  40   1      }


MODULE INFORMATION:   STATIC OVERLAYABLE
   CODE SIZE        =     34    ----
   CONSTANT SIZE    =   ----    ----
   XDATA SIZE       =   ----    ----
   PDATA SIZE       =   ----    ----
   DATA SIZE        =      1    ----
   IDATA SIZE       =   ----    ----
   BIT SIZE         =   ----    ----
END OF MODULE INFORMATION.


C51 COMPILATION COMPLETE.  0 WARNING(S),  0 ERROR(S)
